<html>
<body>
<pre>
<h1>µVision Build Log</h1>
<h2>Tool Versions:</h2>
IDE-Version: µVision V5.31.0.0
Copyright (C) 2020 ARM Ltd and ARM Germany GmbH. All rights reserved.
License Information: Nguyen Duy, Duy Nguyen, LIC=NQQMA-1XE7U-Y8MFK-Z9CGS-0ZQP0-VDWNE
 
Tool Versions:
Toolchain:       MDK-ARM Plus  Version: 5.31.0.0
Toolchain Path:  C:\Keil_v5\ARM\ARMCC\Bin
C Compiler:      Armcc.exe V5.06 update 6 (build 750)
Assembler:       Armasm.exe V5.06 update 6 (build 750)
Linker/Locator:  ArmLink.exe V5.06 update 6 (build 750)
Library Manager: ArmAr.exe V5.06 update 6 (build 750)
Hex Converter:   FromElf.exe V5.06 update 6 (build 750)
CPU DLL:         SARMCM3.DLL V5.31.0.0
Dialog DLL:      DCM.DLL V1.17.3.0
Target DLL:      STLink\ST-LINKIII-KEIL_SWO.dll V3.0.7.0
Dialog DLL:      TCM.DLL V1.46.0.0
 
<h2>Project:</h2>
D:\TH STM32\Button_Long_Press\MDK-ARM\Button_Long_Press.uvprojx
Project File Date:  08/31/2022

<h2>Output:</h2>
*** Using Compiler 'V5.06 update 6 (build 750)', folder: 'C:\Keil_v5\ARM\ARMCC\Bin'
Build target 'Button_Long_Press'
compiling main.c...
../Core/Src/main.c(184): warning:  #188-D: enumerated type mixed with another type
  				HAL_GPIO_WritePin(GPIOC, GPIO_PIN_14,0);
../Core/Src/main.c(188): warning:  #188-D: enumerated type mixed with another type
  				HAL_GPIO_WritePin(GPIOC, GPIO_PIN_13,1);
../Core/Src/main.c(195): warning:  #188-D: enumerated type mixed with another type
  				HAL_GPIO_WritePin(GPIOC, GPIO_PIN_14,0);
../Core/Src/main.c(196): warning:  #188-D: enumerated type mixed with another type
  				HAL_GPIO_WritePin(GPIOC, GPIO_PIN_13,1);
../Core/Src/main.c: 4 warnings, 0 errors
linking...
Program Size: Code=3136 RO-data=284 RW-data=36 ZI-data=1636  
FromELF: creating hex file...
"Button_Long_Press\Button_Long_Press.axf" - 0 Error(s), 4 Warning(s).

<h2>Software Packages used:</h2>

Package Vendor: ARM
                http://www.keil.com/pack/ARM.CMSIS.5.9.0.pack
                ARM.CMSIS.5.9.0
                CMSIS (Common Microcontroller Software Interface Standard)
   * Component: CORE Version: 5.6.0

Package Vendor: Keil
                http://www.keil.com/pack/Keil.STM32F1xx_DFP.2.4.0.pack
                Keil.STM32F1xx_DFP.2.4.0
                STMicroelectronics STM32F1 Series Device Support, Drivers and Examples

<h2>Collection of Component include folders:</h2>
  .\RTE\_Button_Long_Press
  C:\Users\ThinkPad\AppData\Local\Arm\Packs\ARM\CMSIS\5.9.0\CMSIS\Core\Include
  C:\Users\ThinkPad\AppData\Local\Arm\Packs\Keil\STM32F1xx_DFP\2.4.0\Device\Include

<h2>Collection of Component Files used:</h2>

   * Component: ARM::CMSIS:CORE:5.6.0
      Include file:  CMSIS\Core\Include\tz_context.h
Build Time Elapsed:  00:00:03
</pre>
</body>
</html>
