<html>
<body>
<pre>
<h1>µVision Build Log</h1>
<h2>Tool Versions:</h2>
IDE-Version: µVision V5.31.0.0
Copyright (C) 2020 ARM Ltd and ARM Germany GmbH. All rights reserved.
License Information: Nguyen Duy, BKHN, LIC=585FJ-U2W49-GKCBG-VXC20-CCLL5-59JT3
 
Tool Versions:
Toolchain:       MDK-ARM Plus  Version: 5.31.0.0
Toolchain Path:  C:\Keil_v5\ARM\ARMCC\Bin
C Compiler:      Armcc.exe V5.06 update 6 (build 750)
Assembler:       Armasm.exe V5.06 update 6 (build 750)
Linker/Locator:  ArmLink.exe V5.06 update 6 (build 750)
Library Manager: ArmAr.exe V5.06 update 6 (build 750)
Hex Converter:   FromElf.exe V5.06 update 6 (build 750)
CPU DLL:         SARMCM3.DLL V5.31.0.0
Dialog DLL:      DCM.DLL V1.17.3.0
Target DLL:      STLink\ST-LINKIII-KEIL_SWO.dll V3.0.7.0
Dialog DLL:      TCM.DLL V1.46.0.0
 
<h2>Project:</h2>
E:\TH STM32\UART_2\MDK-ARM\UART_2.uvprojx
Project File Date:  10/24/2023

<h2>Output:</h2>
*** Using Compiler 'V5.06 update 6 (build 750)', folder: 'C:\Keil_v5\ARM\ARMCC\Bin'
Build target 'UART_2'
compiling main.c...
../Core/Src/main.c(112): warning:  #188-D: enumerated type mixed with another type
  		HAL_GPIO_WritePin(GPIOA,GPIO_PIN_0,1);
../Core/Src/main.c(114): warning:  #188-D: enumerated type mixed with another type
  		HAL_GPIO_WritePin(GPIOA,GPIO_PIN_0,0);
../Core/Src/main.c(121): warning:  #188-D: enumerated type mixed with another type
  				HAL_GPIO_WritePin (GPIOA, GPIO_PIN_0,1);
../Core/Src/main.c(125): warning:  #188-D: enumerated type mixed with another type
  				HAL_GPIO_WritePin (GPIOA, GPIO_PIN_1,1);
../Core/Src/main.c(129): warning:  #188-D: enumerated type mixed with another type
  				HAL_GPIO_WritePin (GPIOA, GPIO_PIN_2,1);
../Core/Src/main.c(133): warning:  #188-D: enumerated type mixed with another type
  				HAL_GPIO_WritePin (GPIOA, GPIO_PIN_3,1);
../Core/Src/main.c(137): warning:  #188-D: enumerated type mixed with another type
  				HAL_GPIO_WritePin (GPIOA, GPIO_PIN_0,0);
../Core/Src/main.c(141): warning:  #188-D: enumerated type mixed with another type
  				HAL_GPIO_WritePin (GPIOA, GPIO_PIN_1,0);
../Core/Src/main.c(145): warning:  #188-D: enumerated type mixed with another type
  				HAL_GPIO_WritePin (GPIOA, GPIO_PIN_2,0);
../Core/Src/main.c(149): warning:  #188-D: enumerated type mixed with another type
  				HAL_GPIO_WritePin (GPIOA, GPIO_PIN_3,0);
../Core/Src/main.c: 10 warnings, 0 errors
linking...
Program Size: Code=4612 RO-data=312 RW-data=20 ZI-data=1708  
FromELF: creating hex file...
"UART_2\UART_2.axf" - 0 Error(s), 10 Warning(s).

<h2>Software Packages used:</h2>

Package Vendor: ARM
                http://www.keil.com/pack/ARM.CMSIS.5.7.0.pack
                ARM.CMSIS.5.7.0
                CMSIS (Cortex Microcontroller Software Interface Standard)
   * Component: CORE Version: 5.4.0

Package Vendor: Keil
                https://www.keil.com/pack/Keil.STM32F1xx_DFP.2.4.1.pack
                Keil.STM32F1xx_DFP.2.4.1
                STMicroelectronics STM32F1 Series Device Support, Drivers and Examples

<h2>Collection of Component include folders:</h2>
  .\RTE\_UART_2
  C:\Users\Admin\AppData\Local\Arm\Packs\ARM\CMSIS\5.7.0\CMSIS\Core\Include
  C:\Users\Admin\AppData\Local\Arm\Packs\Keil\STM32F1xx_DFP\2.4.1\Device\Include

<h2>Collection of Component Files used:</h2>

   * Component: ARM::CMSIS:CORE:5.4.0
      Include file:  CMSIS\Core\Include\tz_context.h
Build Time Elapsed:  00:00:04
</pre>
</body>
</html>
